../Core/Src/actuator.c:56:6:WheelMoveForward	8	static
../Core/Src/actuator.c:67:6:WheelMoveBackward	8	static
../Core/Src/actuator.c:78:6:WheelRotateLeft	8	static
../Core/Src/actuator.c:89:6:WheelRotateRight	8	static
../Core/Src/actuator.c:100:6:WheelAllStop	8	static
../Core/Src/actuator.c:107:6:WheelLeftSetDuty	16	static
../Core/Src/actuator.c:113:6:WheelRightSetDuty	16	static
../Core/Src/actuator.c:119:6:WheelAllSetDuty	16	static
../Core/Src/actuator.c:154:10:ServoJointAngleToPWM	24	static
../Core/Src/actuator.c:188:9:PWMToServoJointAngle	24	static
../Core/Src/actuator.c:205:6:ServoSetDuty	24	static
../Core/Src/actuator.c:250:6:ServosAllOutputEnable	16	static
