../Core/Src/freertos.c:211:6:vApplicationStackOverflowHook	16	static
../Core/Src/freertos.c:224:6:vApplicationMallocFailedHook	8	static
../Core/Src/freertos.c:248:6:MX_FREERTOS_Init	8	static
../Core/Src/freertos.c:337:6:StartDebugPrintTask	200	static
../Core/Src/freertos.c:427:6:StartAdcTask	16	static
../Core/Src/freertos.c:463:6:StartCurSenTask	24	static
../Core/Src/freertos.c:500:6:StartDistSenTask	96	static
../Core/Src/freertos.c:558:6:StartSdCardTask	32	static
../Core/Src/freertos.c:603:6:StartMtrEncoderTask	32	static
../Core/Src/freertos.c:644:6:StartSrvPwmUpdateTask	96	static
../Core/Src/freertos.c:747:6:StartCmdRxTask	16	static
../Core/Src/freertos.c:776:6:StartGuiLcdDispTask	192	static
../Core/Src/freertos.c:857:6:StartImuTask	16	static
../Core/Src/freertos.c:891:13:_LcdInit	8	static
../Core/Src/freertos.c:905:6:HAL_ADC_ConvCpltCallback	16	static
../Core/Src/freertos.c:909:6:HAL_GPIO_EXTI_Callback	16	static
../Core/Src/freertos.c:960:5:__io_putchar	24	static
