../Drivers/GUI/LCD_ILI9225DS.c:87:6:LcdInit	16	static
../Drivers/GUI/LCD_ILI9225DS.c:216:6:LCD_GetSize	16	static
../Drivers/GUI/LCD_ILI9225DS.c:223:6:LCD_AddCallback	16	static
../Drivers/GUI/LCD_ILI9225DS.c:229:6:LCD_Reset	8	static
../Drivers/GUI/LCD_ILI9225DS.c:241:6:LCD_SetArea	40	static
../Drivers/GUI/LCD_ILI9225DS.c:297:6:LCD_WriteData8	24	static
../Drivers/GUI/LCD_ILI9225DS.c:319:6:LCD_WriteDataPixelIndex	48	static
../Drivers/GUI/LCD_ILI9225DS.c:384:6:LCD_WriteSinglePixel	24	static
../Drivers/GUI/LCD_ILI9225DS.c:421:6:LCD_WriteDataPixel	24	static
../Drivers/GUI/LCD_ILI9225DS.c:444:13:lcd_SPI_TxCpltCallback	16	static
../Drivers/GUI/LCD_ILI9225DS.c:462:13:lcd_WriteCmd	24	static
../Drivers/GUI/LCD_ILI9225DS.c:484:13:lcd_WriteData16	24	static
../Drivers/GUI/LCD_ILI9225DS.c:507:6:LCD_WriteReg	16	static
../Drivers/GUI/LCD_ILI9225DS.c:514:13:lcd_SpiChangeDataSize	24	static
