../Drivers/BNO085_SPI/sh2.c:491:12:opStart	24	static
../Drivers/BNO085_SPI/sh2.c:509:13:opRx	24	static
../Drivers/BNO085_SPI/sh2.c:517:16:getReportLen	24	static
../Drivers/BNO085_SPI/sh2.c:528:13:sensorhubControlHdlr	48	static
../Drivers/BNO085_SPI/sh2.c:601:12:opCompleted	16	static
../Drivers/BNO085_SPI/sh2.c:612:12:opProcess	32	static
../Drivers/BNO085_SPI/sh2.c:646:17:touSTimestamp	56	static
../Drivers/BNO085_SPI/sh2.c:664:13:sensorhubInputHdlr	144	static
../Drivers/BNO085_SPI/sh2.c:718:13:sensorhubInputNormalHdlr	32	static
../Drivers/BNO085_SPI/sh2.c:725:13:sensorhubInputWakeHdlr	32	static
../Drivers/BNO085_SPI/sh2.c:732:13:sensorhubInputGyroRvHdlr	128	static
../Drivers/BNO085_SPI/sh2.c:755:13:executableDeviceHdlr	32	static
../Drivers/BNO085_SPI/sh2.c:784:12:sendExecutable	16	static
../Drivers/BNO085_SPI/sh2.c:789:12:sendCtrl	24	static
../Drivers/BNO085_SPI/sh2.c:794:16:toQ14	24	static
../Drivers/BNO085_SPI/sh2.c:805:12:getProdIdStart	24	static
../Drivers/BNO085_SPI/sh2.c:823:13:getProdIdRx	40	static
../Drivers/BNO085_SPI/sh2.c:878:12:getSensorConfigStart	24	static
../Drivers/BNO085_SPI/sh2.c:892:13:getSensorConfigRx	32	static
../Drivers/BNO085_SPI/sh2.c:942:12:setSensorConfigStart	48	static
../Drivers/BNO085_SPI/sh2.c:978:12:getFrsStart	32	static
../Drivers/BNO085_SPI/sh2.c:998:13:getFrsRx	32	static
../Drivers/BNO085_SPI/sh2.c:1109:13:stuffMetadata	24	static
../Drivers/BNO085_SPI/sh2.c:1178:12:setFrsStart	32	static
../Drivers/BNO085_SPI/sh2.c:1197:13:setFrsRx	56	static
../Drivers/BNO085_SPI/sh2.c:1275:12:sendCmd	48	static
../Drivers/BNO085_SPI/sh2.c:1300:12:sendCmd0	32	static
../Drivers/BNO085_SPI/sh2.c:1310:12:sendCmd1	32	static
../Drivers/BNO085_SPI/sh2.c:1321:12:sendCmd2	32	static
../Drivers/BNO085_SPI/sh2.c:1332:13:wrongResponse	16	static
../Drivers/BNO085_SPI/sh2.c:1344:12:getErrorsStart	16	static
../Drivers/BNO085_SPI/sh2.c:1352:13:getErrorsRx	32	static
../Drivers/BNO085_SPI/sh2.c:1392:12:getCountsStart	16	static
../Drivers/BNO085_SPI/sh2.c:1397:13:getCountsRx	40	static
../Drivers/BNO085_SPI/sh2.c:1431:12:sendCmdStart	24	static
../Drivers/BNO085_SPI/sh2.c:1448:12:reinitStart	24	static
../Drivers/BNO085_SPI/sh2.c:1455:13:reinitRx	32	static
../Drivers/BNO085_SPI/sh2.c:1480:12:saveDcdNowStart	24	static
../Drivers/BNO085_SPI/sh2.c:1487:13:saveDcdNowRx	32	static
../Drivers/BNO085_SPI/sh2.c:1512:12:getOscTypeStart	16	static
../Drivers/BNO085_SPI/sh2.c:1517:13:getOscTypeRx	32	static
../Drivers/BNO085_SPI/sh2.c:1542:12:setCalConfigStart	32	static
../Drivers/BNO085_SPI/sh2.c:1559:13:setCalConfigRx	32	static
../Drivers/BNO085_SPI/sh2.c:1586:12:getCalConfigStart	32	static
../Drivers/BNO085_SPI/sh2.c:1599:13:getCalConfigRx	40	static
../Drivers/BNO085_SPI/sh2.c:1635:12:forceFlushStart	24	static
../Drivers/BNO085_SPI/sh2.c:1646:13:forceFlushRx	32	static
../Drivers/BNO085_SPI/sh2.c:1668:12:clearDcdAndResetStart	24	static
../Drivers/BNO085_SPI/sh2.c:1676:13:clearDcdAndResetRx	24	static
../Drivers/BNO085_SPI/sh2.c:1696:12:startCalStart	32	static
../Drivers/BNO085_SPI/sh2.c:1713:13:startCalRx	32	static
../Drivers/BNO085_SPI/sh2.c:1734:12:finishCalStart	16	static
../Drivers/BNO085_SPI/sh2.c:1739:13:finishCalRx	32	static
../Drivers/BNO085_SPI/sh2.c:1765:12:sendWheelOpStart	32	static
../Drivers/BNO085_SPI/sh2.c:1792:13:shtpEventCallback	24	static
../Drivers/BNO085_SPI/sh2.c:1822:5:sh2_open	40	static
../Drivers/BNO085_SPI/sh2.c:1884:6:sh2_close	16	static
../Drivers/BNO085_SPI/sh2.c:1899:6:sh2_service	16	static
../Drivers/BNO085_SPI/sh2.c:1913:5:sh2_setSensorCallback	24	static
../Drivers/BNO085_SPI/sh2.c:1928:5:sh2_devReset	16	static
../Drivers/BNO085_SPI/sh2.c:1940:5:sh2_devOn	16	static
../Drivers/BNO085_SPI/sh2.c:1952:5:sh2_devSleep	16	static
../Drivers/BNO085_SPI/sh2.c:1965:5:sh2_getProdIds	24	static
../Drivers/BNO085_SPI/sh2.c:1984:5:sh2_getSensorConfig	24	static
../Drivers/BNO085_SPI/sh2.c:2005:5:sh2_setSensorConfig	24	static
../Drivers/BNO085_SPI/sh2.c:2026:5:sh2_getMetadata	32	static
../Drivers/BNO085_SPI/sh2.c:2075:5:sh2_getFrs	32	static
../Drivers/BNO085_SPI/sh2.c:2102:5:sh2_setFrs	24	static
../Drivers/BNO085_SPI/sh2.c:2128:5:sh2_getErrors	32	static
../Drivers/BNO085_SPI/sh2.c:2149:5:sh2_getCounts	24	static
../Drivers/BNO085_SPI/sh2.c:2168:5:sh2_clearCounts	24	static
../Drivers/BNO085_SPI/sh2.c:2190:5:sh2_setTareNow	24	static
../Drivers/BNO085_SPI/sh2.c:2212:5:sh2_clearTare	16	static
../Drivers/BNO085_SPI/sh2.c:2231:5:sh2_persistTare	16	static
../Drivers/BNO085_SPI/sh2.c:2251:5:sh2_setReorientation	32	static
../Drivers/BNO085_SPI/sh2.c:2279:5:sh2_reinitialize	16	static
../Drivers/BNO085_SPI/sh2.c:2291:5:sh2_saveDcdNow	16	static
../Drivers/BNO085_SPI/sh2.c:2304:5:sh2_getOscType	24	static
../Drivers/BNO085_SPI/sh2.c:2319:5:sh2_setCalConfig	24	static
../Drivers/BNO085_SPI/sh2.c:2334:5:sh2_getCalConfig	24	static
../Drivers/BNO085_SPI/sh2.c:2349:5:sh2_setDcdAutoSave	24	static
../Drivers/BNO085_SPI/sh2.c:2368:5:sh2_flush	24	static
../Drivers/BNO085_SPI/sh2.c:2385:5:sh2_clearDcdAndReset	16	static
../Drivers/BNO085_SPI/sh2.c:2398:5:sh2_startCal	24	static
../Drivers/BNO085_SPI/sh2.c:2416:5:sh2_finishCal	24	static
../Drivers/BNO085_SPI/sh2.c:2437:5:sh2_setIZro	24	static
../Drivers/BNO085_SPI/sh2.c:2453:5:sh2_reportWheelEncoder	24	static
../Drivers/BNO085_SPI/sh2.c:2466:5:sh2_saveDeadReckoningCalNow	16	static
